// Jest Snapshot v1, https://goo.gl/fbAQLP

exports[`output should be in outputPath dir 1`] = `
Object {
  "height": 180,
  "images": Array [
    Object {
      "height": 180,
      "path": "foobar/47b5a3359ed0722769a9888e5d22054a-200.jpg",
      "width": 200,
    },
    Object {
      "height": 360,
      "path": "foobar/4f8751c87ff21bfa2aa62d6d1672c18d-400.jpg",
      "width": 400,
    },
    Object {
      "height": 540,
      "path": "foobar/52dba34908ff9d9ed720ad3c51e5b651-600.jpg",
      "width": 600,
    },
    Object {
      "height": 720,
      "path": "foobar/f794cdac765d222d40585d283c49bddc-800.jpg",
      "width": 800,
    },
    Object {
      "height": 900,
      "path": "foobar/654f812ac2833fdf5dae880cceefa8c6-1000.jpg",
      "width": 1000,
    },
    Object {
      "height": 450,
      "path": "foobar/8b1d7d4d688417adcd8603807f44314e-500.jpg",
      "width": 500,
    },
    Object {
      "height": 675,
      "path": "foobar/0884176ab3183a7809908a89735a26f2-750.jpg",
      "width": 750,
    },
  ],
  "placeholder": undefined,
  "src": "foobar/47b5a3359ed0722769a9888e5d22054a-200.jpg",
  "srcSet": "foobar/47b5a3359ed0722769a9888e5d22054a-200.jpg 200w,foobar/4f8751c87ff21bfa2aa62d6d1672c18d-400.jpg 400w,foobar/52dba34908ff9d9ed720ad3c51e5b651-600.jpg 200w 3x,foobar/f794cdac765d222d40585d283c49bddc-800.jpg 400w 2x,foobar/654f812ac2833fdf5dae880cceefa8c6-1000.jpg 1000w,foobar/8b1d7d4d688417adcd8603807f44314e-500.jpg 500w,foobar/0884176ab3183a7809908a89735a26f2-750.jpg 750w",
  "toString": [Function],
  "width": 200,
}
`;
